// Jest Snapshot v1, https://goo.gl/fbAQLP

exports[`<AlbumInGrid /> renders <AlbumInGrid /> 1`] = `
Object {
  "asFragment": [Function],
  "baseElement": <body>
    <div>
      <li
        class="basis-1/2 md:basis-1/3 lg:basis-1/4 xl:basis-1/4 2xl:basis-1/5 md:p-5 p-3 cursor-pointer"
      >
        <div>
          <div
            class="w-full"
          >
            <img
              alt="Faith in the Future (Deluxe)"
              class="w-full rounded-md"
              src="https://is4-ssl.mzstatic.com/image/thumb/Music112/v4/59/f9/f3/59f9f3b6-e815-99fd-a359-10fec504a5e3/4050538836639.jpg/170x170bb.png"
            />
          </div>
          <div
            class="mt-2"
          >
            <p
              class="text-md font-bold text-white"
            >
              Faith in the Future (Deluxe)
            </p>
            <p
              class="text-md text-white opacity-70"
            >
              Louis Tomlinson
            </p>
            <p
              class="text-sm text-white opacity-50"
            >
              01 October 2022
            </p>
          </div>
        </div>
      </li>
    </div>
  </body>,
  "container": <div>
    <li
      class="basis-1/2 md:basis-1/3 lg:basis-1/4 xl:basis-1/4 2xl:basis-1/5 md:p-5 p-3 cursor-pointer"
    >
      <div>
        <div
          class="w-full"
        >
          <img
            alt="Faith in the Future (Deluxe)"
            class="w-full rounded-md"
            src="https://is4-ssl.mzstatic.com/image/thumb/Music112/v4/59/f9/f3/59f9f3b6-e815-99fd-a359-10fec504a5e3/4050538836639.jpg/170x170bb.png"
          />
        </div>
        <div
          class="mt-2"
        >
          <p
            class="text-md font-bold text-white"
          >
            Faith in the Future (Deluxe)
          </p>
          <p
            class="text-md text-white opacity-70"
          >
            Louis Tomlinson
          </p>
          <p
            class="text-sm text-white opacity-50"
          >
            01 October 2022
          </p>
        </div>
      </div>
    </li>
  </div>,
  "debug": [Function],
  "findAllByAltText": [Function],
  "findAllByDisplayValue": [Function],
  "findAllByLabelText": [Function],
  "findAllByPlaceholderText": [Function],
  "findAllByRole": [Function],
  "findAllByTestId": [Function],
  "findAllByText": [Function],
  "findAllByTitle": [Function],
  "findByAltText": [Function],
  "findByDisplayValue": [Function],
  "findByLabelText": [Function],
  "findByPlaceholderText": [Function],
  "findByRole": [Function],
  "findByTestId": [Function],
  "findByText": [Function],
  "findByTitle": [Function],
  "getAllByAltText": [Function],
  "getAllByDisplayValue": [Function],
  "getAllByLabelText": [Function],
  "getAllByPlaceholderText": [Function],
  "getAllByRole": [Function],
  "getAllByTestId": [Function],
  "getAllByText": [Function],
  "getAllByTitle": [Function],
  "getByAltText": [Function],
  "getByDisplayValue": [Function],
  "getByLabelText": [Function],
  "getByPlaceholderText": [Function],
  "getByRole": [Function],
  "getByTestId": [Function],
  "getByText": [Function],
  "getByTitle": [Function],
  "queryAllByAltText": [Function],
  "queryAllByDisplayValue": [Function],
  "queryAllByLabelText": [Function],
  "queryAllByPlaceholderText": [Function],
  "queryAllByRole": [Function],
  "queryAllByTestId": [Function],
  "queryAllByText": [Function],
  "queryAllByTitle": [Function],
  "queryByAltText": [Function],
  "queryByDisplayValue": [Function],
  "queryByLabelText": [Function],
  "queryByPlaceholderText": [Function],
  "queryByRole": [Function],
  "queryByTestId": [Function],
  "queryByText": [Function],
  "queryByTitle": [Function],
  "rerender": [Function],
  "unmount": [Function],
}
`;
